// Jest Snapshot v1, https://goo.gl/fbAQLP

exports[`<Todos /> should match the snapshot 1`] = `
<div>
  <h2>
    Todos:
  </h2>
  <ul />
  <input
    data-testid="todo-input"
  />
  <button
    onClick={[Function]}
  >
    Add todo
  </button>
</div>
`;
